Using device: mps
Run name: h1_resnet_unfreeze_weak_20epochs
Settings: augmentation=weak, trainable_backbone=True, weighted_loss=False, label_smoothing=0.0

=== Training resnet18 ===
[resnet18] epoch 01/20 | train_loss=0.5225, val_loss=0.2556, val_acc=0.9097, val_macro_f1=0.9038
[resnet18] epoch 02/20 | train_loss=0.1891, val_loss=0.2145, val_acc=0.9260, val_macro_f1=0.9193
[resnet18] epoch 03/20 | train_loss=0.1049, val_loss=0.1911, val_acc=0.9358, val_macro_f1=0.9301
[resnet18] epoch 04/20 | train_loss=0.0700, val_loss=0.1983, val_acc=0.9353, val_macro_f1=0.9285
[resnet18] epoch 05/20 | train_loss=0.0431, val_loss=0.1993, val_acc=0.9413, val_macro_f1=0.9366
[resnet18] epoch 06/20 | train_loss=0.0297, val_loss=0.1908, val_acc=0.9440, val_macro_f1=0.9387
[resnet18] epoch 07/20 | train_loss=0.0227, val_loss=0.1958, val_acc=0.9440, val_macro_f1=0.9416
[resnet18] epoch 08/20 | train_loss=0.0130, val_loss=0.1928, val_acc=0.9494, val_macro_f1=0.9481
[resnet18] epoch 09/20 | train_loss=0.0090, val_loss=0.1872, val_acc=0.9489, val_macro_f1=0.9439
[resnet18] epoch 10/20 | train_loss=0.0096, val_loss=0.1875, val_acc=0.9489, val_macro_f1=0.9456
[resnet18] epoch 11/20 | train_loss=0.0060, val_loss=0.1825, val_acc=0.9511, val_macro_f1=0.9504
[resnet18] epoch 12/20 | train_loss=0.0033, val_loss=0.1721, val_acc=0.9532, val_macro_f1=0.9503
[resnet18] epoch 13/20 | train_loss=0.0030, val_loss=0.1937, val_acc=0.9494, val_macro_f1=0.9459
[resnet18] epoch 14/20 | train_loss=0.0024, val_loss=0.1748, val_acc=0.9560, val_macro_f1=0.9524
[resnet18] epoch 15/20 | train_loss=0.0017, val_loss=0.1694, val_acc=0.9565, val_macro_f1=0.9534
[resnet18] epoch 16/20 | train_loss=0.0012, val_loss=0.1794, val_acc=0.9521, val_macro_f1=0.9483
[resnet18] epoch 17/20 | train_loss=0.0010, val_loss=0.1716, val_acc=0.9549, val_macro_f1=0.9514
[resnet18] epoch 18/20 | train_loss=0.0016, val_loss=0.1721, val_acc=0.9532, val_macro_f1=0.9488
[resnet18] epoch 19/20 | train_loss=0.0012, val_loss=0.1737, val_acc=0.9543, val_macro_f1=0.9509
[resnet18] epoch 20/20 | train_loss=0.0012, val_loss=0.1755, val_acc=0.9543, val_macro_f1=0.9512

=== Summary ===
model_name  best_epoch  best_val_macro_f1  train_seconds  test_accuracy  test_macro_f1  test_weighted_f1  test_macro_precision  test_macro_recall
  resnet18          15           0.953439     703.536686       0.947798       0.941204          0.947495              0.947998            0.93612
