Using device: mps
Run name: baseline_long
Phase: baseline

=== Training custom_cnn ===
[custom_cnn] epoch 01/40 | train_loss=1.7619, val_loss=1.6833, val_acc=0.4160, val_macro_f1=0.3450
[custom_cnn] epoch 02/40 | train_loss=1.5597, val_loss=1.5776, val_acc=0.4562, val_macro_f1=0.3966
[custom_cnn] epoch 03/40 | train_loss=1.4639, val_loss=1.4212, val_acc=0.5193, val_macro_f1=0.4862
[custom_cnn] epoch 04/40 | train_loss=1.3688, val_loss=1.3310, val_acc=0.5389, val_macro_f1=0.5166
[custom_cnn] epoch 05/40 | train_loss=1.2892, val_loss=1.3563, val_acc=0.5155, val_macro_f1=0.5081
[custom_cnn] epoch 06/40 | train_loss=1.2324, val_loss=1.2411, val_acc=0.5699, val_macro_f1=0.5424
[custom_cnn] epoch 07/40 | train_loss=1.1768, val_loss=1.1820, val_acc=0.5933, val_macro_f1=0.5458
[custom_cnn] epoch 08/40 | train_loss=1.1364, val_loss=1.1717, val_acc=0.6063, val_macro_f1=0.5712
[custom_cnn] epoch 09/40 | train_loss=1.0521, val_loss=1.0529, val_acc=0.6471, val_macro_f1=0.6290
[custom_cnn] epoch 10/40 | train_loss=1.0280, val_loss=1.2621, val_acc=0.5715, val_macro_f1=0.5862
[custom_cnn] epoch 11/40 | train_loss=0.9571, val_loss=1.4415, val_acc=0.5313, val_macro_f1=0.4988
[custom_cnn] epoch 12/40 | train_loss=0.9821, val_loss=0.9676, val_acc=0.6574, val_macro_f1=0.6348
[custom_cnn] epoch 13/40 | train_loss=0.8791, val_loss=0.9759, val_acc=0.6667, val_macro_f1=0.6530
[custom_cnn] epoch 14/40 | train_loss=0.8414, val_loss=1.1607, val_acc=0.6210, val_macro_f1=0.6102
[custom_cnn] epoch 15/40 | train_loss=0.8281, val_loss=0.9777, val_acc=0.6775, val_macro_f1=0.6408
[custom_cnn] epoch 16/40 | train_loss=0.7957, val_loss=1.0106, val_acc=0.6803, val_macro_f1=0.6585
[custom_cnn] epoch 17/40 | train_loss=0.7847, val_loss=0.8566, val_acc=0.7221, val_macro_f1=0.7122
[custom_cnn] epoch 18/40 | train_loss=0.7342, val_loss=1.0342, val_acc=0.6504, val_macro_f1=0.6066
[custom_cnn] epoch 19/40 | train_loss=0.7238, val_loss=1.1276, val_acc=0.6308, val_macro_f1=0.6186
[custom_cnn] epoch 20/40 | train_loss=0.7248, val_loss=0.8078, val_acc=0.7439, val_macro_f1=0.7290
[custom_cnn] epoch 21/40 | train_loss=0.6789, val_loss=0.7668, val_acc=0.7602, val_macro_f1=0.7548
[custom_cnn] epoch 22/40 | train_loss=0.6753, val_loss=0.7652, val_acc=0.7439, val_macro_f1=0.7358
[custom_cnn] epoch 23/40 | train_loss=0.6235, val_loss=0.8862, val_acc=0.6993, val_macro_f1=0.6785
[custom_cnn] epoch 24/40 | train_loss=0.6111, val_loss=0.7632, val_acc=0.7537, val_macro_f1=0.7392
[custom_cnn] epoch 25/40 | train_loss=0.6039, val_loss=0.8024, val_acc=0.7466, val_macro_f1=0.7346
[custom_cnn] epoch 26/40 | train_loss=0.5651, val_loss=0.7427, val_acc=0.7602, val_macro_f1=0.7445
[custom_cnn] epoch 27/40 | train_loss=0.5538, val_loss=0.9094, val_acc=0.7107, val_macro_f1=0.6936
[custom_cnn] epoch 28/40 | train_loss=0.5983, val_loss=0.6955, val_acc=0.7629, val_macro_f1=0.7553
[custom_cnn] epoch 29/40 | train_loss=0.5440, val_loss=0.7853, val_acc=0.7553, val_macro_f1=0.7419
[custom_cnn] epoch 30/40 | train_loss=0.5169, val_loss=0.8252, val_acc=0.7439, val_macro_f1=0.7286
[custom_cnn] epoch 31/40 | train_loss=0.4962, val_loss=0.7923, val_acc=0.7499, val_macro_f1=0.7285
[custom_cnn] epoch 32/40 | train_loss=0.4765, val_loss=0.7811, val_acc=0.7352, val_macro_f1=0.7202
[custom_cnn] epoch 33/40 | train_loss=0.5182, val_loss=0.7156, val_acc=0.7754, val_macro_f1=0.7656
[custom_cnn] epoch 34/40 | train_loss=0.4439, val_loss=0.6468, val_acc=0.7923, val_macro_f1=0.7779
[custom_cnn] epoch 35/40 | train_loss=0.4100, val_loss=0.7863, val_acc=0.7548, val_macro_f1=0.7380
[custom_cnn] epoch 36/40 | train_loss=0.3932, val_loss=0.7163, val_acc=0.7700, val_macro_f1=0.7555
[custom_cnn] epoch 37/40 | train_loss=0.4152, val_loss=0.7274, val_acc=0.7787, val_macro_f1=0.7683
[custom_cnn] epoch 38/40 | train_loss=0.4659, val_loss=0.6155, val_acc=0.8026, val_macro_f1=0.7997
[custom_cnn] epoch 39/40 | train_loss=0.3746, val_loss=0.6771, val_acc=0.8015, val_macro_f1=0.7944
[custom_cnn] epoch 40/40 | train_loss=0.3799, val_loss=0.7521, val_acc=0.7765, val_macro_f1=0.7674

=== Training tiny_vit ===
[tiny_vit] epoch 01/40 | train_loss=1.9049, val_loss=1.6922, val_acc=0.4410, val_macro_f1=0.3803
[tiny_vit] epoch 02/40 | train_loss=1.6586, val_loss=1.5074, val_acc=0.5247, val_macro_f1=0.4671
[tiny_vit] epoch 03/40 | train_loss=1.5476, val_loss=1.4590, val_acc=0.5334, val_macro_f1=0.5017
[tiny_vit] epoch 04/40 | train_loss=1.4473, val_loss=1.3566, val_acc=0.5721, val_macro_f1=0.5415
[tiny_vit] epoch 05/40 | train_loss=1.3766, val_loss=1.3242, val_acc=0.5856, val_macro_f1=0.5701
[tiny_vit] epoch 06/40 | train_loss=1.3141, val_loss=1.3080, val_acc=0.6025, val_macro_f1=0.5701
[tiny_vit] epoch 07/40 | train_loss=1.2569, val_loss=1.2529, val_acc=0.6308, val_macro_f1=0.6258
[tiny_vit] epoch 08/40 | train_loss=1.2136, val_loss=1.2594, val_acc=0.6128, val_macro_f1=0.5956
[tiny_vit] epoch 09/40 | train_loss=1.1795, val_loss=1.2515, val_acc=0.6275, val_macro_f1=0.6037
[tiny_vit] epoch 10/40 | train_loss=1.1288, val_loss=1.1624, val_acc=0.6569, val_macro_f1=0.6368
[tiny_vit] epoch 11/40 | train_loss=1.0934, val_loss=1.1728, val_acc=0.6547, val_macro_f1=0.6416
[tiny_vit] epoch 12/40 | train_loss=1.0596, val_loss=1.1852, val_acc=0.6438, val_macro_f1=0.6226
[tiny_vit] epoch 13/40 | train_loss=1.0197, val_loss=1.1116, val_acc=0.6775, val_macro_f1=0.6629
[tiny_vit] epoch 14/40 | train_loss=0.9942, val_loss=1.1228, val_acc=0.6699, val_macro_f1=0.6585
[tiny_vit] epoch 15/40 | train_loss=0.9658, val_loss=1.1019, val_acc=0.6759, val_macro_f1=0.6567
[tiny_vit] epoch 16/40 | train_loss=0.9179, val_loss=1.1190, val_acc=0.6890, val_macro_f1=0.6718
[tiny_vit] epoch 17/40 | train_loss=0.8856, val_loss=1.0869, val_acc=0.6939, val_macro_f1=0.6823
[tiny_vit] epoch 18/40 | train_loss=0.8505, val_loss=1.0611, val_acc=0.6977, val_macro_f1=0.6912
[tiny_vit] epoch 19/40 | train_loss=0.8301, val_loss=1.0509, val_acc=0.7064, val_macro_f1=0.6914
[tiny_vit] epoch 20/40 | train_loss=0.7794, val_loss=1.0736, val_acc=0.6998, val_macro_f1=0.6863
[tiny_vit] epoch 21/40 | train_loss=0.7578, val_loss=1.0476, val_acc=0.7085, val_macro_f1=0.6970
[tiny_vit] epoch 22/40 | train_loss=0.7376, val_loss=1.0360, val_acc=0.7167, val_macro_f1=0.7014
[tiny_vit] epoch 23/40 | train_loss=0.6908, val_loss=1.0644, val_acc=0.7194, val_macro_f1=0.7007
[tiny_vit] epoch 24/40 | train_loss=0.6682, val_loss=1.0730, val_acc=0.7200, val_macro_f1=0.7013
[tiny_vit] epoch 25/40 | train_loss=0.6377, val_loss=1.0690, val_acc=0.7189, val_macro_f1=0.7115
[tiny_vit] epoch 26/40 | train_loss=0.6054, val_loss=1.0904, val_acc=0.7276, val_macro_f1=0.7173
[tiny_vit] epoch 27/40 | train_loss=0.5849, val_loss=1.0708, val_acc=0.7259, val_macro_f1=0.7110
[tiny_vit] epoch 28/40 | train_loss=0.5591, val_loss=1.0577, val_acc=0.7455, val_macro_f1=0.7334
[tiny_vit] epoch 29/40 | train_loss=0.5344, val_loss=1.0987, val_acc=0.7227, val_macro_f1=0.7091
[tiny_vit] epoch 30/40 | train_loss=0.5146, val_loss=1.1139, val_acc=0.7227, val_macro_f1=0.7120
[tiny_vit] epoch 31/40 | train_loss=0.5090, val_loss=1.0875, val_acc=0.7368, val_macro_f1=0.7237
[tiny_vit] epoch 32/40 | train_loss=0.4773, val_loss=1.1142, val_acc=0.7308, val_macro_f1=0.7216
[tiny_vit] epoch 33/40 | train_loss=0.4675, val_loss=1.1434, val_acc=0.7270, val_macro_f1=0.7151
[tiny_vit] epoch 34/40 | train_loss=0.4610, val_loss=1.1339, val_acc=0.7379, val_macro_f1=0.7269
[tiny_vit] epoch 35/40 | train_loss=0.4570, val_loss=1.1402, val_acc=0.7259, val_macro_f1=0.7172
[tiny_vit] epoch 36/40 | train_loss=0.4381, val_loss=1.1397, val_acc=0.7363, val_macro_f1=0.7278
[tiny_vit] epoch 37/40 | train_loss=0.4201, val_loss=1.1405, val_acc=0.7352, val_macro_f1=0.7270
[tiny_vit] epoch 38/40 | train_loss=0.4238, val_loss=1.1338, val_acc=0.7412, val_macro_f1=0.7311
[tiny_vit] epoch 39/40 | train_loss=0.4175, val_loss=1.1584, val_acc=0.7303, val_macro_f1=0.7164
[tiny_vit] epoch 40/40 | train_loss=0.4208, val_loss=1.1335, val_acc=0.7336, val_macro_f1=0.7278

=== Summary ===
model_name    phase  params_trainable  best_epoch  best_val_macro_f1  train_seconds     lr  test_accuracy  test_macro_f1  test_weighted_f1  test_macro_precision  test_macro_recall
custom_cnn baseline           1175786          38           0.799748    1652.455729 0.0010       0.787928       0.780565          0.787188              0.797461           0.774840
  tiny_vit baseline           3983338          28           0.733376    2030.521035 0.0005       0.709081       0.692502          0.706697              0.696815           0.692426
