Using device: mps
Run name: improved_long
Phase: improved

=== Training custom_cnn ===
[custom_cnn] epoch 01/40 | train_loss=1.7979, val_loss=1.6028, val_acc=0.4258, val_macro_f1=0.3731
[custom_cnn] epoch 02/40 | train_loss=1.5811, val_loss=1.5421, val_acc=0.4546, val_macro_f1=0.4401
[custom_cnn] epoch 03/40 | train_loss=1.4848, val_loss=1.5381, val_acc=0.4655, val_macro_f1=0.4164
[custom_cnn] epoch 04/40 | train_loss=1.3999, val_loss=1.4376, val_acc=0.4899, val_macro_f1=0.4610
[custom_cnn] epoch 05/40 | train_loss=1.3286, val_loss=1.3830, val_acc=0.5226, val_macro_f1=0.4726
[custom_cnn] epoch 06/40 | train_loss=1.2654, val_loss=1.2440, val_acc=0.5568, val_macro_f1=0.5274
[custom_cnn] epoch 07/40 | train_loss=1.1922, val_loss=1.2907, val_acc=0.5699, val_macro_f1=0.5281
[custom_cnn] epoch 08/40 | train_loss=1.1384, val_loss=1.2911, val_acc=0.5612, val_macro_f1=0.5161
[custom_cnn] epoch 09/40 | train_loss=1.0790, val_loss=1.2395, val_acc=0.5840, val_macro_f1=0.5394
[custom_cnn] epoch 10/40 | train_loss=1.0338, val_loss=1.1090, val_acc=0.6395, val_macro_f1=0.6223
[custom_cnn] epoch 11/40 | train_loss=1.0009, val_loss=1.3426, val_acc=0.5753, val_macro_f1=0.5512
[custom_cnn] epoch 12/40 | train_loss=0.9522, val_loss=1.1061, val_acc=0.6243, val_macro_f1=0.5930
[custom_cnn] epoch 13/40 | train_loss=0.9174, val_loss=1.1588, val_acc=0.6281, val_macro_f1=0.6077
[custom_cnn] epoch 14/40 | train_loss=0.8764, val_loss=1.4244, val_acc=0.5704, val_macro_f1=0.5567
[custom_cnn] epoch 15/40 | train_loss=0.8480, val_loss=1.0537, val_acc=0.6672, val_macro_f1=0.6603
[custom_cnn] epoch 16/40 | train_loss=0.8092, val_loss=0.9559, val_acc=0.6890, val_macro_f1=0.6790
[custom_cnn] epoch 17/40 | train_loss=0.8044, val_loss=0.9919, val_acc=0.6797, val_macro_f1=0.6575
[custom_cnn] epoch 18/40 | train_loss=0.7637, val_loss=0.8694, val_acc=0.7183, val_macro_f1=0.6967
[custom_cnn] epoch 19/40 | train_loss=0.7420, val_loss=0.9522, val_acc=0.6949, val_macro_f1=0.6633
[custom_cnn] epoch 20/40 | train_loss=0.7172, val_loss=0.9783, val_acc=0.6824, val_macro_f1=0.6585
[custom_cnn] epoch 21/40 | train_loss=0.6920, val_loss=1.0423, val_acc=0.6726, val_macro_f1=0.6425
[custom_cnn] epoch 22/40 | train_loss=0.6656, val_loss=0.8674, val_acc=0.7156, val_macro_f1=0.6915
[custom_cnn] epoch 23/40 | train_loss=0.6331, val_loss=0.8121, val_acc=0.7395, val_macro_f1=0.7192
[custom_cnn] epoch 24/40 | train_loss=0.6233, val_loss=0.9218, val_acc=0.7129, val_macro_f1=0.7005
[custom_cnn] epoch 25/40 | train_loss=0.6068, val_loss=0.9654, val_acc=0.6971, val_macro_f1=0.6826
[custom_cnn] epoch 26/40 | train_loss=0.5863, val_loss=0.6743, val_acc=0.7852, val_macro_f1=0.7687
[custom_cnn] epoch 27/40 | train_loss=0.5649, val_loss=0.7218, val_acc=0.7771, val_macro_f1=0.7506
[custom_cnn] epoch 28/40 | train_loss=0.5468, val_loss=0.7698, val_acc=0.7667, val_macro_f1=0.7506
[custom_cnn] epoch 29/40 | train_loss=0.5193, val_loss=0.7501, val_acc=0.7602, val_macro_f1=0.7296
[custom_cnn] epoch 30/40 | train_loss=0.5060, val_loss=0.6928, val_acc=0.7743, val_macro_f1=0.7458
[custom_cnn] epoch 31/40 | train_loss=0.4858, val_loss=0.7767, val_acc=0.7586, val_macro_f1=0.7383
[custom_cnn] epoch 32/40 | train_loss=0.4701, val_loss=0.6999, val_acc=0.7841, val_macro_f1=0.7607
[custom_cnn] epoch 33/40 | train_loss=0.4592, val_loss=0.6043, val_acc=0.8037, val_macro_f1=0.7828
[custom_cnn] epoch 34/40 | train_loss=0.4505, val_loss=0.6048, val_acc=0.8042, val_macro_f1=0.7885
[custom_cnn] epoch 35/40 | train_loss=0.4446, val_loss=0.7470, val_acc=0.7765, val_macro_f1=0.7599
[custom_cnn] epoch 36/40 | train_loss=0.4210, val_loss=0.7154, val_acc=0.7716, val_macro_f1=0.7516
[custom_cnn] epoch 37/40 | train_loss=0.4200, val_loss=0.6545, val_acc=0.8021, val_macro_f1=0.7834
[custom_cnn] epoch 38/40 | train_loss=0.4064, val_loss=0.5867, val_acc=0.8151, val_macro_f1=0.8012
[custom_cnn] epoch 39/40 | train_loss=0.4046, val_loss=0.6311, val_acc=0.7977, val_macro_f1=0.7808
[custom_cnn] epoch 40/40 | train_loss=0.3900, val_loss=0.6322, val_acc=0.8064, val_macro_f1=0.7835

=== Training tiny_vit ===
[tiny_vit] epoch 01/40 | train_loss=1.9797, val_loss=1.8118, val_acc=0.4002, val_macro_f1=0.3248
[tiny_vit] epoch 02/40 | train_loss=1.7962, val_loss=1.6496, val_acc=0.4628, val_macro_f1=0.4145
[tiny_vit] epoch 03/40 | train_loss=1.6971, val_loss=1.5782, val_acc=0.5117, val_macro_f1=0.4468
[tiny_vit] epoch 04/40 | train_loss=1.5940, val_loss=1.5178, val_acc=0.5454, val_macro_f1=0.5320
[tiny_vit] epoch 05/40 | train_loss=1.5391, val_loss=1.4927, val_acc=0.5476, val_macro_f1=0.5299
[tiny_vit] epoch 06/40 | train_loss=1.4907, val_loss=1.4350, val_acc=0.5759, val_macro_f1=0.5506
[tiny_vit] epoch 07/40 | train_loss=1.4473, val_loss=1.4154, val_acc=0.5780, val_macro_f1=0.5462
[tiny_vit] epoch 08/40 | train_loss=1.4119, val_loss=1.4711, val_acc=0.5666, val_macro_f1=0.5480
[tiny_vit] epoch 09/40 | train_loss=1.3740, val_loss=1.3416, val_acc=0.6020, val_macro_f1=0.5866
[tiny_vit] epoch 10/40 | train_loss=1.3393, val_loss=1.3780, val_acc=0.5982, val_macro_f1=0.5720
[tiny_vit] epoch 11/40 | train_loss=1.3088, val_loss=1.3521, val_acc=0.6058, val_macro_f1=0.5900
[tiny_vit] epoch 12/40 | train_loss=1.2792, val_loss=1.2682, val_acc=0.6427, val_macro_f1=0.6295
[tiny_vit] epoch 13/40 | train_loss=1.2613, val_loss=1.2587, val_acc=0.6509, val_macro_f1=0.6353
[tiny_vit] epoch 14/40 | train_loss=1.2355, val_loss=1.2669, val_acc=0.6378, val_macro_f1=0.6235
[tiny_vit] epoch 15/40 | train_loss=1.1968, val_loss=1.2413, val_acc=0.6514, val_macro_f1=0.6359
[tiny_vit] epoch 16/40 | train_loss=1.1673, val_loss=1.1904, val_acc=0.6748, val_macro_f1=0.6546
[tiny_vit] epoch 17/40 | train_loss=1.1486, val_loss=1.1525, val_acc=0.6824, val_macro_f1=0.6717
[tiny_vit] epoch 18/40 | train_loss=1.1328, val_loss=1.1742, val_acc=0.6824, val_macro_f1=0.6683
[tiny_vit] epoch 19/40 | train_loss=1.1200, val_loss=1.2325, val_acc=0.6634, val_macro_f1=0.6484
[tiny_vit] epoch 20/40 | train_loss=1.0820, val_loss=1.1995, val_acc=0.6781, val_macro_f1=0.6607
[tiny_vit] epoch 21/40 | train_loss=1.0614, val_loss=1.1559, val_acc=0.6906, val_macro_f1=0.6747
[tiny_vit] epoch 22/40 | train_loss=1.0354, val_loss=1.1352, val_acc=0.6944, val_macro_f1=0.6805
[tiny_vit] epoch 23/40 | train_loss=1.0168, val_loss=1.1390, val_acc=0.7036, val_macro_f1=0.6886
[tiny_vit] epoch 24/40 | train_loss=0.9911, val_loss=1.1434, val_acc=0.7140, val_macro_f1=0.7035
[tiny_vit] epoch 25/40 | train_loss=0.9719, val_loss=1.1480, val_acc=0.7069, val_macro_f1=0.6949
[tiny_vit] epoch 26/40 | train_loss=0.9609, val_loss=1.1374, val_acc=0.7069, val_macro_f1=0.6979
[tiny_vit] epoch 27/40 | train_loss=0.9366, val_loss=1.1307, val_acc=0.7042, val_macro_f1=0.7020
[tiny_vit] epoch 28/40 | train_loss=0.9232, val_loss=1.0988, val_acc=0.7270, val_macro_f1=0.7153
[tiny_vit] epoch 29/40 | train_loss=0.9083, val_loss=1.1085, val_acc=0.7232, val_macro_f1=0.7115
[tiny_vit] epoch 30/40 | train_loss=0.8883, val_loss=1.0727, val_acc=0.7379, val_macro_f1=0.7301
[tiny_vit] epoch 31/40 | train_loss=0.8691, val_loss=1.0708, val_acc=0.7390, val_macro_f1=0.7307
[tiny_vit] epoch 32/40 | train_loss=0.8494, val_loss=1.0882, val_acc=0.7319, val_macro_f1=0.7224
[tiny_vit] epoch 33/40 | train_loss=0.8466, val_loss=1.1001, val_acc=0.7238, val_macro_f1=0.7120
[tiny_vit] epoch 34/40 | train_loss=0.8335, val_loss=1.0706, val_acc=0.7439, val_macro_f1=0.7342
[tiny_vit] epoch 35/40 | train_loss=0.8313, val_loss=1.1044, val_acc=0.7227, val_macro_f1=0.7121
[tiny_vit] epoch 36/40 | train_loss=0.8183, val_loss=1.0903, val_acc=0.7433, val_macro_f1=0.7350
[tiny_vit] epoch 37/40 | train_loss=0.8104, val_loss=1.1023, val_acc=0.7330, val_macro_f1=0.7225
[tiny_vit] epoch 38/40 | train_loss=0.8051, val_loss=1.0859, val_acc=0.7379, val_macro_f1=0.7262
[tiny_vit] epoch 39/40 | train_loss=0.8032, val_loss=1.0955, val_acc=0.7433, val_macro_f1=0.7326
[tiny_vit] epoch 40/40 | train_loss=0.8018, val_loss=1.0920, val_acc=0.7466, val_macro_f1=0.7323

=== Summary ===
model_name    phase  params_trainable  best_epoch  best_val_macro_f1  train_seconds     lr  test_accuracy  test_macro_f1  test_weighted_f1  test_macro_precision  test_macro_recall
custom_cnn improved           1175786          38           0.801222    2115.717845 0.0006       0.798804       0.778377          0.798708              0.802802           0.770588
  tiny_vit improved           8632458          36           0.735040    3339.619041 0.0003       0.703643       0.691772          0.703828              0.708309           0.683949
